OpenStream context-detection spike (issue #28) - PROTOTYPE, throwaway
AXIsProcessTrusted() = true
poke AXManualAccessibility = false   interval = 0.4s
Switch apps and click into text fields. Records print only when something changes.
Ctrl-C to stop.
---------------------------------------------------------------
[1:28:28 pm] frontmost app     : Google Chrome
            bundle id         : com.google.Chrome  (pid 2520)
            AX trusted        : yes
            AXManualAccess.   : <skipped>
            window title      : Issues · Nabzx/openstream - Google Chrome – Abdulaziz
            system-wide focus : <kAXErrorCannotComplete>
            focused role      : AXLink
            focused subrole   : <kAXErrorNoValue>
            role description  : link
            focused title     : <empty>
            AXValue readable  : yes (0 chars)
            AXSelectedText    : no (kAXErrorNoValue)
---------------------------------------------------------------
[1:28:35 pm] frontmost app     : Cursor
            bundle id         : com.todesktop.230313mzl4w4u92  (pid 60052)
            AX trusted        : yes
            AXManualAccess.   : <skipped>
            window title      : Cursor Agents
            system-wide focus : <kAXErrorCannotComplete>
            focused role      : <kAXErrorNoValue>
            focused subrole   : <kAXErrorNoValue>
            role description  : <kAXErrorNoValue>
            focused title     : <kAXErrorNoValue>
            AXValue readable  : <kAXErrorNoValue>
            AXSelectedText    : <kAXErrorNoValue>
---------------------------------------------------------------
[1:28:37 pm] frontmost app     : Google Chrome
            bundle id         : com.google.Chrome  (pid 2520)
            AX trusted        : yes
            AXManualAccess.   : <skipped>
            window title      : Issues · Nabzx/openstream - Google Chrome – Abdulaziz
            system-wide focus : <kAXErrorCannotComplete>
            focused role      : AXLink
            focused subrole   : <kAXErrorNoValue>
            role description  : link
            focused title     : <empty>
            AXValue readable  : yes (0 chars)
            AXSelectedText    : no (kAXErrorNoValue)
---------------------------------------------------------------
[1:28:40 pm] frontmost app     : Google Chrome
            bundle id         : com.google.Chrome  (pid 2520)
            AX trusted        : yes
            AXManualAccess.   : <skipped>
            window title      : New Tab - Google Chrome – Abdulaziz
            system-wide focus : <kAXErrorCannotComplete>
            focused role      : AXTextField
            focused subrole   : <kAXErrorNoValue>
            role description  : text field
            focused title     : <empty>
            AXValue readable  : yes (0 chars)
            AXSelectedText    : yes (0 chars)
---------------------------------------------------------------
[1:28:42 pm] frontmost app     : Google Chrome
            bundle id         : com.google.Chrome  (pid 2520)
            AX trusted        : yes
            AXManualAccess.   : <skipped>
            window title      : Issues · Nabzx/openstream - Google Chrome – Abdulaziz
            system-wide focus : <kAXErrorCannotComplete>
            focused role      : AXLink
            focused subrole   : <kAXErrorNoValue>
            role description  : link
            focused title     : <empty>
            AXValue readable  : yes (0 chars)
            AXSelectedText    : no (kAXErrorNoValue)
---------------------------------------------------------------
[1:28:42 pm] frontmost app     : Google Chrome
            bundle id         : com.google.Chrome  (pid 2520)
            AX trusted        : yes
            AXManualAccess.   : <skipped>
            window title      : Issues · Nabzx/openstream - Google Chrome – Abdulaziz
            system-wide focus : <kAXErrorCannotComplete>
            focused role      : AXComboBox
            focused subrole   : <kAXErrorNoValue>
            role description  : combo box
            focused title     : <empty>
            AXValue readable  : yes (8 chars)
            AXSelectedText    : yes (0 chars)
---------------------------------------------------------------
[1:28:47 pm] frontmost app     : Google Chrome
            bundle id         : com.google.Chrome  (pid 2520)
            AX trusted        : yes
            AXManualAccess.   : <skipped>
            window title      : Issues · Nabzx/openstream - Google Chrome – Abdulaziz
            system-wide focus : <kAXErrorCannotComplete>
            focused role      : AXGroup
            focused subrole   : <kAXErrorNoValue>
            role description  : group
            focused title     : <empty>
            AXValue readable  : yes (0 chars)
            AXSelectedText    : no (kAXErrorNoValue)
---------------------------------------------------------------
[1:28:48 pm] frontmost app     : Obsidian
            bundle id         : md.obsidian  (pid 60055)
            AX trusted        : yes
            AXManualAccess.   : <skipped>
            window title      : 2026-08-20 - Obsidian Vault - Obsidian 1.13.7
            system-wide focus : <kAXErrorCannotComplete>
            focused role      : <kAXErrorNoValue>
            focused subrole   : <kAXErrorNoValue>
            role description  : <kAXErrorNoValue>
            focused title     : <kAXErrorNoValue>
            AXValue readable  : <kAXErrorNoValue>
            AXSelectedText    : <kAXErrorNoValue>
---------------------------------------------------------------
[1:28:49 pm] frontmost app     : Google Chrome
            bundle id         : com.google.Chrome  (pid 2520)
            AX trusted        : yes
            AXManualAccess.   : <skipped>
            window title      : Issues · Nabzx/openstream - Google Chrome – Abdulaziz
            system-wide focus : <kAXErrorCannotComplete>
            focused role      : AXGroup
            focused subrole   : <kAXErrorNoValue>
            role description  : group
            focused title     : <empty>
            AXValue readable  : yes (0 chars)
            AXSelectedText    : no (kAXErrorNoValue)
---------------------------------------------------------------
[1:28:52 pm] frontmost app     : Google Chrome
            bundle id         : com.google.Chrome  (pid 2520)
            AX trusted        : yes
            AXManualAccess.   : <skipped>
            window title      : <kAXErrorAttributeUnsupported>
            system-wide focus : <kAXErrorCannotComplete>
            focused role      : AXList
            focused subrole   : <kAXErrorAttributeUnsupported>
            role description  : list
            focused title     : <kAXErrorAttributeUnsupported>
            AXValue readable  : no (kAXErrorAttributeUnsupported)
            AXSelectedText    : no (kAXErrorAttributeUnsupported)
---------------------------------------------------------------
[1:29:00 pm] frontmost app     : Code
            bundle id         : com.microsoft.VSCode  (pid 8648)
            AX trusted        : yes
            AXManualAccess.   : <skipped>
            window title      : Untitled-1 — openstream
            system-wide focus : <kAXErrorCannotComplete>
            focused role      : AXTextField
            focused subrole   : <kAXErrorNoValue>
            role description  : text field
            focused title     : <empty>
            AXValue readable  : yes (0 chars)
            AXSelectedText    : yes (0 chars)
---------------------------------------------------------------
[1:29:04 pm] frontmost app     : Code
            bundle id         : com.microsoft.VSCode  (pid 8648)
            AX trusted        : yes
            AXManualAccess.   : <skipped>
            window title      : Untitled-2 — openstream
            system-wide focus : <kAXErrorCannotComplete>
            focused role      : AXTextArea
            focused subrole   : <kAXErrorNoValue>
            role description  : editor
            focused title     : <empty>
            AXValue readable  : yes (1 chars)
            AXSelectedText    : yes (0 chars)
---------------------------------------------------------------
[1:29:07 pm] frontmost app     : Code
            bundle id         : com.microsoft.VSCode  (pid 8648)
            AX trusted        : yes
            AXManualAccess.   : <skipped>
            window title      : hello world • Untitled-2 — openstream
            system-wide focus : <kAXErrorCannotComplete>
            focused role      : AXTextArea
            focused subrole   : <kAXErrorNoValue>
            role description  : editor
            focused title     : <empty>
            AXValue readable  : yes (11 chars)
            AXSelectedText    : yes (0 chars)
