OpenStream context-detection spike (issue #28) - PROTOTYPE, throwaway
AXIsProcessTrusted() = true
poke AXManualAccessibility = true   interval = 0.4s
Switch apps and click into text fields. Records print only when something changes.
Ctrl-C to stop.
---------------------------------------------------------------
[1:29:15 pm] frontmost app     : Code
            bundle id         : com.microsoft.VSCode  (pid 8648)
            AX trusted        : yes
            AXManualAccess.   : success
            window title      : hello world • Untitled-2 — openstream
            system-wide focus : <kAXErrorCannotComplete>
            focused role      : AXRow
            focused subrole   : AXOutlineRow
            role description  : outline row
            focused title     : <empty>
            AXValue readable  : yes (0 chars)
            AXSelectedText    : no (kAXErrorNoValue)
---------------------------------------------------------------
[1:29:19 pm] frontmost app     : Code
            bundle id         : com.microsoft.VSCode  (pid 8648)
            AX trusted        : yes
            AXManualAccess.   : already poked
            window title      : hello world • Untitled-2 — openstream
            system-wide focus : <kAXErrorCannotComplete>
            focused role      : AXButton
            focused subrole   : <kAXErrorNoValue>
            role description  : button
            focused title     : <empty>
            AXValue readable  : yes (0 chars)
            AXSelectedText    : no (kAXErrorNoValue)
---------------------------------------------------------------
[1:29:23 pm] frontmost app     : Cursor
            bundle id         : com.todesktop.230313mzl4w4u92  (pid 60052)
            AX trusted        : yes
            AXManualAccess.   : success
            window title      : Cursor Agents
            system-wide focus : <kAXErrorCannotComplete>
            focused role      : <kAXErrorNoValue>
            focused subrole   : <kAXErrorNoValue>
            role description  : <kAXErrorNoValue>
            focused title     : <kAXErrorNoValue>
            AXValue readable  : <kAXErrorNoValue>
            AXSelectedText    : <kAXErrorNoValue>
---------------------------------------------------------------
[1:29:24 pm] frontmost app     : Code
            bundle id         : com.microsoft.VSCode  (pid 8648)
            AX trusted        : yes
            AXManualAccess.   : already poked
            window title      : hello world • Untitled-2 — openstream
            system-wide focus : <kAXErrorCannotComplete>
            focused role      : AXButton
            focused subrole   : <kAXErrorNoValue>
            role description  : button
            focused title     : <empty>
            AXValue readable  : yes (0 chars)
            AXSelectedText    : no (kAXErrorNoValue)
---------------------------------------------------------------
[1:29:26 pm] frontmost app     : Code
            bundle id         : com.microsoft.VSCode  (pid 8648)
            AX trusted        : yes
            AXManualAccess.   : already poked
            window title      : Untitled-3 — openstream
            system-wide focus : <kAXErrorCannotComplete>
            focused role      : AXTextArea
            focused subrole   : <kAXErrorNoValue>
            role description  : editor
            focused title     : <empty>
            AXValue readable  : yes (1 chars)
            AXSelectedText    : yes (0 chars)
---------------------------------------------------------------
[1:29:29 pm] frontmost app     : Code
            bundle id         : com.microsoft.VSCode  (pid 8648)
            AX trusted        : yes
            AXManualAccess.   : already poked
            window title      : .gitignore — openstream
            system-wide focus : <kAXErrorCannotComplete>
            focused role      : AXRow
            focused subrole   : AXOutlineRow
            role description  : outline row
            focused title     : <empty>
            AXValue readable  : yes (0 chars)
            AXSelectedText    : no (kAXErrorNoValue)
---------------------------------------------------------------
[1:29:31 pm] frontmost app     : Code
            bundle id         : com.microsoft.VSCode  (pid 8648)
            AX trusted        : yes
            AXManualAccess.   : already poked
            window title      : LICENSE — openstream
            system-wide focus : <kAXErrorCannotComplete>
            focused role      : AXRow
            focused subrole   : AXOutlineRow
            role description  : outline row
            focused title     : <empty>
            AXValue readable  : yes (0 chars)
            AXSelectedText    : no (kAXErrorNoValue)
---------------------------------------------------------------
[1:29:31 pm] frontmost app     : Code
            bundle id         : com.microsoft.VSCode  (pid 8648)
            AX trusted        : yes
            AXManualAccess.   : already poked
            window title      : README.md — openstream
            system-wide focus : <kAXErrorCannotComplete>
            focused role      : AXRow
            focused subrole   : AXOutlineRow
            role description  : outline row
            focused title     : <empty>
            AXValue readable  : yes (0 chars)
            AXSelectedText    : no (kAXErrorNoValue)
---------------------------------------------------------------
[1:29:32 pm] frontmost app     : Code
            bundle id         : com.microsoft.VSCode  (pid 8648)
            AX trusted        : yes
            AXManualAccess.   : already poked
            window title      : ROADMAP.md — openstream
            system-wide focus : <kAXErrorCannotComplete>
            focused role      : AXRow
            focused subrole   : AXOutlineRow
            role description  : outline row
            focused title     : <empty>
            AXValue readable  : yes (0 chars)
            AXSelectedText    : no (kAXErrorNoValue)
---------------------------------------------------------------
[1:29:33 pm] frontmost app     : Code
            bundle id         : com.microsoft.VSCode  (pid 8648)
            AX trusted        : yes
            AXManualAccess.   : already poked
            window title      : README.md — openstream
            system-wide focus : <kAXErrorCannotComplete>
            focused role      : AXRow
            focused subrole   : AXOutlineRow
            role description  : outline row
            focused title     : <empty>
            AXValue readable  : yes (0 chars)
            AXSelectedText    : no (kAXErrorNoValue)
---------------------------------------------------------------
[1:29:35 pm] frontmost app     : Obsidian
            bundle id         : md.obsidian  (pid 60055)
            AX trusted        : yes
            AXManualAccess.   : success
            window title      : 2026-08-20 - Obsidian Vault - Obsidian 1.13.7
            system-wide focus : <kAXErrorCannotComplete>
            focused role      : <kAXErrorNoValue>
            focused subrole   : <kAXErrorNoValue>
            role description  : <kAXErrorNoValue>
            focused title     : <kAXErrorNoValue>
            AXValue readable  : <kAXErrorNoValue>
            AXSelectedText    : <kAXErrorNoValue>
---------------------------------------------------------------
[1:29:36 pm] frontmost app     : Code
            bundle id         : com.microsoft.VSCode  (pid 8648)
            AX trusted        : yes
            AXManualAccess.   : already poked
            window title      : ROADMAP.md — openstream
            system-wide focus : <kAXErrorCannotComplete>
            focused role      : AXRow
            focused subrole   : AXOutlineRow
            role description  : outline row
            focused title     : <empty>
            AXValue readable  : yes (0 chars)
            AXSelectedText    : no (kAXErrorNoValue)
---------------------------------------------------------------
[1:29:39 pm] frontmost app     : Code
            bundle id         : com.microsoft.VSCode  (pid 8648)
            AX trusted        : yes
            AXManualAccess.   : already poked
            window title      : <kAXErrorAttributeUnsupported>
            system-wide focus : <kAXErrorCannotComplete>
            focused role      : AXList
            focused subrole   : <kAXErrorAttributeUnsupported>
            role description  : list
            focused title     : <kAXErrorAttributeUnsupported>
            AXValue readable  : no (kAXErrorAttributeUnsupported)
            AXSelectedText    : no (kAXErrorAttributeUnsupported)
---------------------------------------------------------------
[1:29:46 pm] frontmost app     : Google Chrome
            bundle id         : com.google.Chrome  (pid 2520)
            AX trusted        : yes
            AXManualAccess.   : kAXErrorAttributeUnsupported
            window title      : <kAXErrorAttributeUnsupported>
            system-wide focus : <kAXErrorCannotComplete>
            focused role      : AXList
            focused subrole   : <kAXErrorAttributeUnsupported>
            role description  : list
            focused title     : <kAXErrorAttributeUnsupported>
            AXValue readable  : no (kAXErrorAttributeUnsupported)
            AXSelectedText    : no (kAXErrorAttributeUnsupported)
---------------------------------------------------------------
[1:29:47 pm] frontmost app     : Code
            bundle id         : com.microsoft.VSCode  (pid 8648)
            AX trusted        : yes
            AXManualAccess.   : already poked
            window title      : <kAXErrorAttributeUnsupported>
            system-wide focus : <kAXErrorCannotComplete>
            focused role      : AXList
            focused subrole   : <kAXErrorAttributeUnsupported>
            role description  : list
            focused title     : <kAXErrorAttributeUnsupported>
            AXValue readable  : no (kAXErrorAttributeUnsupported)
            AXSelectedText    : no (kAXErrorAttributeUnsupported)
---------------------------------------------------------------
[1:29:48 pm] frontmost app     : Obsidian
            bundle id         : md.obsidian  (pid 60055)
            AX trusted        : yes
            AXManualAccess.   : already poked
            window title      : 2026-08-20 - Obsidian Vault - Obsidian 1.13.7
            system-wide focus : <kAXErrorCannotComplete>
            focused role      : AXGroup
            focused subrole   : <kAXErrorNoValue>
            role description  : group
            focused title     : <empty>
            AXValue readable  : yes (0 chars)
            AXSelectedText    : no (kAXErrorNoValue)
---------------------------------------------------------------
[1:29:48 pm] frontmost app     : Cursor
            bundle id         : com.todesktop.230313mzl4w4u92  (pid 60052)
            AX trusted        : yes
            AXManualAccess.   : already poked
            window title      : Cursor Agents
            system-wide focus : <kAXErrorCannotComplete>
            focused role      : AXWebArea
            focused subrole   : <kAXErrorNoValue>
            role description  : HTML content
            focused title     : Cursor Agents
            AXValue readable  : yes (0 chars)
            AXSelectedText    : no (kAXErrorNoValue)
---------------------------------------------------------------
[1:29:51 pm] frontmost app     : Code
            bundle id         : com.microsoft.VSCode  (pid 8648)
            AX trusted        : yes
            AXManualAccess.   : already poked
            window title      : <kAXErrorAttributeUnsupported>
            system-wide focus : <kAXErrorCannotComplete>
            focused role      : AXList
            focused subrole   : <kAXErrorAttributeUnsupported>
            role description  : list
            focused title     : <kAXErrorAttributeUnsupported>
            AXValue readable  : no (kAXErrorAttributeUnsupported)
            AXSelectedText    : no (kAXErrorAttributeUnsupported)
