OpenStream context-detection spike (issue #28) - PROTOTYPE, throwaway
AXIsProcessTrusted() = true
poke AXManualAccessibility = true   interval = 0.4s
Switch apps and click into text fields. Records print only when something changes.
Ctrl-C to stop.
---------------------------------------------------------------
[6:03:34 pm] frontmost app     : Obsidian
            bundle id         : md.obsidian  (pid 12779)
            AX trusted        : yes
            AXManualAccess.   : success
            window title      : 2026-08-20 - Obsidian Vault - Obsidian 1.13.7
            system-wide focus : <kAXErrorCannotComplete>
            focused role      : <kAXErrorNoValue>
            focused subrole   : <kAXErrorNoValue>
            role description  : <kAXErrorNoValue>
            focused title     : <kAXErrorNoValue>
            AXValue readable  : <kAXErrorNoValue>
            AXSelectedText    : <kAXErrorNoValue>
---------------------------------------------------------------
[6:03:35 pm] frontmost app     : Obsidian
            bundle id         : md.obsidian  (pid 12779)
            AX trusted        : yes
            AXManualAccess.   : already poked
            window title      : 2026-08-20 - Obsidian Vault - Obsidian 1.13.7
            system-wide focus : <kAXErrorCannotComplete>
            focused role      : AXTextField
            focused subrole   : <kAXErrorNoValue>
            role description  : text field
            focused title     : <empty>
            AXValue readable  : yes (11 chars)
            AXSelectedText    : yes (0 chars)
---------------------------------------------------------------
[6:03:42 pm] frontmost app     : Cursor
            bundle id         : com.todesktop.230313mzl4w4u92  (pid 12777)
            AX trusted        : yes
            AXManualAccess.   : success
            window title      : Cursor Agents
            system-wide focus : <kAXErrorCannotComplete>
            focused role      : <kAXErrorNoValue>
            focused subrole   : <kAXErrorNoValue>
            role description  : <kAXErrorNoValue>
            focused title     : <kAXErrorNoValue>
            AXValue readable  : <kAXErrorNoValue>
            AXSelectedText    : <kAXErrorNoValue>
---------------------------------------------------------------
[6:03:43 pm] frontmost app     : Cursor
            bundle id         : com.todesktop.230313mzl4w4u92  (pid 12777)
            AX trusted        : yes
            AXManualAccess.   : already poked
            window title      : Cursor Agents
            system-wide focus : <kAXErrorCannotComplete>
            focused role      : AXWebArea
            focused subrole   : <kAXErrorNoValue>
            role description  : HTML content
            focused title     : Cursor Agents
            AXValue readable  : yes (0 chars)
            AXSelectedText    : no (kAXErrorNoValue)
---------------------------------------------------------------
[6:03:47 pm] frontmost app     : Code
            bundle id         : com.microsoft.VSCode  (pid 68468)
            AX trusted        : yes
            AXManualAccess.   : success
            window title      : AGENTS.md — openstream
            system-wide focus : <kAXErrorCannotComplete>
            focused role      : AXTextField
            focused subrole   : <kAXErrorNoValue>
            role description  : text field
            focused title     : <empty>
            AXValue readable  : yes (0 chars)
            AXSelectedText    : yes (0 chars)
---------------------------------------------------------------
[6:03:48 pm] frontmost app     : Cursor
            bundle id         : com.todesktop.230313mzl4w4u92  (pid 12777)
            AX trusted        : yes
            AXManualAccess.   : already poked
            window title      : Cursor Agents
            system-wide focus : <kAXErrorCannotComplete>
            focused role      : AXWebArea
            focused subrole   : <kAXErrorNoValue>
            role description  : HTML content
            focused title     : Cursor Agents
            AXValue readable  : yes (0 chars)
            AXSelectedText    : no (kAXErrorNoValue)
---------------------------------------------------------------
[6:04:13 pm] frontmost app     : Obsidian
            bundle id         : md.obsidian  (pid 12779)
            AX trusted        : yes
            AXManualAccess.   : already poked
            window title      : 2026-08-20 - Obsidian Vault - Obsidian 1.13.7
            system-wide focus : <kAXErrorCannotComplete>
            focused role      : AXTextField
            focused subrole   : <kAXErrorNoValue>
            role description  : text field
            focused title     : <empty>
            AXValue readable  : yes (11 chars)
            AXSelectedText    : yes (0 chars)
