OpenStream context-detection spike (issue #28) - PROTOTYPE, throwaway
AXIsProcessTrusted() = true
poke AXManualAccessibility = false   interval = 0.4s
Switch apps and click into text fields. Records print only when something changes.
Ctrl-C to stop.
---------------------------------------------------------------
[6:02:17 pm] frontmost app     : Cursor
            bundle id         : com.todesktop.230313mzl4w4u92  (pid 12777)
            AX trusted        : yes
            AXManualAccess.   : <skipped>
            window title      : Cursor Agents
            system-wide focus : <kAXErrorCannotComplete>
            focused role      : <kAXErrorNoValue>
            focused subrole   : <kAXErrorNoValue>
            role description  : <kAXErrorNoValue>
            focused title     : <kAXErrorNoValue>
            AXValue readable  : <kAXErrorNoValue>
            AXSelectedText    : <kAXErrorNoValue>
---------------------------------------------------------------
[6:02:57 pm] frontmost app     : Obsidian
            bundle id         : md.obsidian  (pid 12779)
            AX trusted        : yes
            AXManualAccess.   : <skipped>
            window title      : 2026-08-20 - Obsidian Vault - Obsidian 1.13.7
            system-wide focus : <kAXErrorCannotComplete>
            focused role      : <kAXErrorNoValue>
            focused subrole   : <kAXErrorNoValue>
            role description  : <kAXErrorNoValue>
            focused title     : <kAXErrorNoValue>
            AXValue readable  : <kAXErrorNoValue>
            AXSelectedText    : <kAXErrorNoValue>
