OpenStream context-detection spike (issue #28) - PROTOTYPE, throwaway
AXIsProcessTrusted() = true
poke AXManualAccessibility = true   interval = 0.4s
Switch apps and click into text fields. Records print only when something changes.
Ctrl-C to stop.
---------------------------------------------------------------
[6:15:42 pm] frontmost app     : Terminal
            bundle id         : com.apple.Terminal  (pid 48784)
            AX trusted        : yes
            AXManualAccess.   : kAXErrorAttributeUnsupported
            window title      : zazai — swift-frontend ◂ jetbrains-knob-ab.sh — 80×24
            system-wide focus : <kAXErrorCannotComplete>
            focused role      : AXTextArea
            focused subrole   : <kAXErrorAttributeUnsupported>
            role description  : text entry area
            focused title     : <kAXErrorAttributeUnsupported>
            AXValue readable  : yes (1075 chars)
            AXSelectedText    : yes (0 chars)
---------------------------------------------------------------
[6:15:48 pm] frontmost app     : Terminal
            bundle id         : com.apple.Terminal  (pid 48784)
            AX trusted        : yes
            AXManualAccess.   : already poked
            window title      : zazai — open ◂ jetbrains-knob-ab.sh — 80×24
            system-wide focus : <kAXErrorCannotComplete>
            focused role      : AXTextArea
            focused subrole   : <kAXErrorAttributeUnsupported>
            role description  : text entry area
            focused title     : <kAXErrorAttributeUnsupported>
            AXValue readable  : yes (1109 chars)
            AXSelectedText    : yes (0 chars)
---------------------------------------------------------------
[6:15:50 pm] frontmost app     : IntelliJ IDEA
            bundle id         : com.jetbrains.intellij.ce  (pid 21397)
            AX trusted        : yes
            AXManualAccess.   : kAXErrorAttributeUnsupported
            window title      : <kAXErrorNoValue>
            system-wide focus : <kAXErrorCannotComplete>
            focused role      : <kAXErrorNoValue>
            focused subrole   : <kAXErrorNoValue>
            role description  : <kAXErrorNoValue>
            focused title     : <kAXErrorNoValue>
            AXValue readable  : <kAXErrorNoValue>
            AXSelectedText    : <kAXErrorNoValue>
---------------------------------------------------------------
[6:15:51 pm] frontmost app     : IntelliJ IDEA
            bundle id         : com.jetbrains.intellij.ce  (pid 21397)
            AX trusted        : yes
            AXManualAccess.   : already poked
            window title      : Scratch.java - .../zazai/idea-prototype-scratch
            system-wide focus : <kAXErrorCannotComplete>
            focused role      : <kAXErrorInvalidUIElement>
            focused subrole   : <kAXErrorInvalidUIElement>
            role description  : <kAXErrorInvalidUIElement>
            focused title     : <kAXErrorInvalidUIElement>
            AXValue readable  : no (kAXErrorInvalidUIElement)
            AXSelectedText    : no (kAXErrorInvalidUIElement)
---------------------------------------------------------------
[6:15:51 pm] frontmost app     : IntelliJ IDEA
            bundle id         : com.jetbrains.intellij.ce  (pid 21397)
            AX trusted        : yes
            AXManualAccess.   : already poked
            window title      : Open in Project
            system-wide focus : <kAXErrorCannotComplete>
            focused role      : AXButton
            focused subrole   : <kAXErrorNoValue>
            role description  : button
            focused title     : <kAXErrorNoValue>
            AXValue readable  : no (kAXErrorNoValue)
            AXSelectedText    : no (kAXErrorNoValue)
---------------------------------------------------------------
[6:15:54 pm] frontmost app     : IntelliJ IDEA
            bundle id         : com.jetbrains.intellij.ce  (pid 21397)
            AX trusted        : yes
            AXManualAccess.   : already poked
            window title      : Scratch.java - .../zazai/idea-prototype-scratch
            system-wide focus : <kAXErrorCannotComplete>
            focused role      : AXTextArea
            focused subrole   : <kAXErrorNoValue>
            role description  : text entry area
            focused title     : <kAXErrorNoValue>
            AXValue readable  : yes (99 chars)
            AXSelectedText    : yes (0 chars)
---------------------------------------------------------------
[6:16:34 pm] frontmost app     : Code
            bundle id         : com.microsoft.VSCode  (pid 68468)
            AX trusted        : yes
            AXManualAccess.   : success
            window title      : AGENTS.md — openstream
            system-wide focus : <kAXErrorCannotComplete>
            focused role      : AXTextField
            focused subrole   : <kAXErrorNoValue>
            role description  : text field
            focused title     : <empty>
            AXValue readable  : yes (0 chars)
            AXSelectedText    : yes (0 chars)
---------------------------------------------------------------
[6:16:46 pm] frontmost app     : IntelliJ IDEA
            bundle id         : com.jetbrains.intellij.ce  (pid 21397)
            AX trusted        : yes
            AXManualAccess.   : already poked
            window title      : Scratch.java - .../zazai/idea-prototype-scratch
            system-wide focus : <kAXErrorCannotComplete>
            focused role      : AXTextArea
            focused subrole   : <kAXErrorNoValue>
            role description  : text entry area
            focused title     : <kAXErrorNoValue>
            AXValue readable  : yes (100 chars)
            AXSelectedText    : yes (0 chars)
