OpenStream context-detection spike (issue #28) - PROTOTYPE, throwaway
AXIsProcessTrusted() = false
NOT TRUSTED: every focused-element read below will fail with kAXErrorAPIDisabled.
Grant Accessibility to the app running this process, then re-run.
poke AXManualAccessibility = false   interval = 0.4s
Switch apps and click into text fields. Records print only when something changes.
Ctrl-C to stop.
---------------------------------------------------------------
[1:11:38 pm] frontmost app     : Obsidian
            bundle id         : md.obsidian  (pid 45115)
            AX trusted        : NO
            AXManualAccess.   : <skipped>
            window title      : <kAXErrorAPIDisabled>
            system-wide focus : <kAXErrorCannotComplete>
            focused role      : <kAXErrorAPIDisabled>
            focused subrole   : <kAXErrorAPIDisabled>
            role description  : <kAXErrorAPIDisabled>
            focused title     : <kAXErrorAPIDisabled>
            AXValue readable  : <kAXErrorAPIDisabled>
            AXSelectedText    : <kAXErrorAPIDisabled>
---------------------------------------------------------------
[1:11:40 pm] frontmost app     : Terminal
            bundle id         : com.apple.Terminal  (pid 44102)
            AX trusted        : NO
            AXManualAccess.   : <skipped>
            window title      : <kAXErrorAPIDisabled>
            system-wide focus : <kAXErrorCannotComplete>
            focused role      : <kAXErrorAPIDisabled>
            focused subrole   : <kAXErrorAPIDisabled>
            role description  : <kAXErrorAPIDisabled>
            focused title     : <kAXErrorAPIDisabled>
            AXValue readable  : <kAXErrorAPIDisabled>
            AXSelectedText    : <kAXErrorAPIDisabled>
---------------------------------------------------------------
[1:11:45 pm] frontmost app     : TextEdit
            bundle id         : com.apple.TextEdit  (pid 47950)
            AX trusted        : NO
            AXManualAccess.   : <skipped>
            window title      : <kAXErrorAPIDisabled>
            system-wide focus : <kAXErrorCannotComplete>
            focused role      : <kAXErrorAPIDisabled>
            focused subrole   : <kAXErrorAPIDisabled>
            role description  : <kAXErrorAPIDisabled>
            focused title     : <kAXErrorAPIDisabled>
            AXValue readable  : <kAXErrorAPIDisabled>
            AXSelectedText    : <kAXErrorAPIDisabled>
---------------------------------------------------------------
[1:11:48 pm] frontmost app     : Notes
            bundle id         : com.apple.Notes  (pid 44523)
            AX trusted        : NO
            AXManualAccess.   : <skipped>
            window title      : <kAXErrorAPIDisabled>
            system-wide focus : <kAXErrorCannotComplete>
            focused role      : <kAXErrorAPIDisabled>
            focused subrole   : <kAXErrorAPIDisabled>
            role description  : <kAXErrorAPIDisabled>
            focused title     : <kAXErrorAPIDisabled>
            AXValue readable  : <kAXErrorAPIDisabled>
            AXSelectedText    : <kAXErrorAPIDisabled>
---------------------------------------------------------------
[1:11:49 pm] frontmost app     : Obsidian
            bundle id         : md.obsidian  (pid 45115)
            AX trusted        : NO
            AXManualAccess.   : <skipped>
            window title      : <kAXErrorAPIDisabled>
            system-wide focus : <kAXErrorCannotComplete>
            focused role      : <kAXErrorAPIDisabled>
            focused subrole   : <kAXErrorAPIDisabled>
            role description  : <kAXErrorAPIDisabled>
            focused title     : <kAXErrorAPIDisabled>
            AXValue readable  : <kAXErrorAPIDisabled>
            AXSelectedText    : <kAXErrorAPIDisabled>
---------------------------------------------------------------
[1:11:51 pm] frontmost app     : Safari
            bundle id         : com.apple.Safari  (pid 44573)
            AX trusted        : NO
            AXManualAccess.   : <skipped>
            window title      : <kAXErrorAPIDisabled>
            system-wide focus : <kAXErrorCannotComplete>
            focused role      : <kAXErrorAPIDisabled>
            focused subrole   : <kAXErrorAPIDisabled>
            role description  : <kAXErrorAPIDisabled>
            focused title     : <kAXErrorAPIDisabled>
            AXValue readable  : <kAXErrorAPIDisabled>
            AXSelectedText    : <kAXErrorAPIDisabled>
---------------------------------------------------------------
[1:11:53 pm] frontmost app     : Code
            bundle id         : com.microsoft.VSCode  (pid 8648)
            AX trusted        : NO
            AXManualAccess.   : <skipped>
            window title      : <kAXErrorAPIDisabled>
            system-wide focus : <kAXErrorCannotComplete>
            focused role      : <kAXErrorAPIDisabled>
            focused subrole   : <kAXErrorAPIDisabled>
            role description  : <kAXErrorAPIDisabled>
            focused title     : <kAXErrorAPIDisabled>
            AXValue readable  : <kAXErrorAPIDisabled>
            AXSelectedText    : <kAXErrorAPIDisabled>
---------------------------------------------------------------
[1:11:54 pm] frontmost app     : Google Chrome
            bundle id         : com.google.Chrome  (pid 2520)
            AX trusted        : NO
            AXManualAccess.   : <skipped>
            window title      : <kAXErrorAPIDisabled>
            system-wide focus : <kAXErrorCannotComplete>
            focused role      : <kAXErrorAPIDisabled>
            focused subrole   : <kAXErrorAPIDisabled>
            role description  : <kAXErrorAPIDisabled>
            focused title     : <kAXErrorAPIDisabled>
            AXValue readable  : <kAXErrorAPIDisabled>
            AXSelectedText    : <kAXErrorAPIDisabled>
---------------------------------------------------------------
[1:11:58 pm] frontmost app     : Code
            bundle id         : com.microsoft.VSCode  (pid 8648)
            AX trusted        : NO
            AXManualAccess.   : <skipped>
            window title      : <kAXErrorAPIDisabled>
            system-wide focus : <kAXErrorCannotComplete>
            focused role      : <kAXErrorAPIDisabled>
            focused subrole   : <kAXErrorAPIDisabled>
            role description  : <kAXErrorAPIDisabled>
            focused title     : <kAXErrorAPIDisabled>
            AXValue readable  : <kAXErrorAPIDisabled>
            AXSelectedText    : <kAXErrorAPIDisabled>
---------------------------------------------------------------
[1:12:01 pm] frontmost app     : Cursor
            bundle id         : com.todesktop.230313mzl4w4u92  (pid 44651)
            AX trusted        : NO
            AXManualAccess.   : <skipped>
            window title      : <kAXErrorAPIDisabled>
            system-wide focus : <kAXErrorCannotComplete>
            focused role      : <kAXErrorAPIDisabled>
            focused subrole   : <kAXErrorAPIDisabled>
            role description  : <kAXErrorAPIDisabled>
            focused title     : <kAXErrorAPIDisabled>
            AXValue readable  : <kAXErrorAPIDisabled>
            AXSelectedText    : <kAXErrorAPIDisabled>
---------------------------------------------------------------
[1:12:04 pm] frontmost app     : Obsidian
            bundle id         : md.obsidian  (pid 45115)
            AX trusted        : NO
            AXManualAccess.   : <skipped>
            window title      : <kAXErrorAPIDisabled>
            system-wide focus : <kAXErrorCannotComplete>
            focused role      : <kAXErrorAPIDisabled>
            focused subrole   : <kAXErrorAPIDisabled>
            role description  : <kAXErrorAPIDisabled>
            focused title     : <kAXErrorAPIDisabled>
            AXValue readable  : <kAXErrorAPIDisabled>
            AXSelectedText    : <kAXErrorAPIDisabled>
---------------------------------------------------------------
[1:12:05 pm] frontmost app     : Cursor
            bundle id         : com.todesktop.230313mzl4w4u92  (pid 44651)
            AX trusted        : NO
            AXManualAccess.   : <skipped>
            window title      : <kAXErrorAPIDisabled>
            system-wide focus : <kAXErrorCannotComplete>
            focused role      : <kAXErrorAPIDisabled>
            focused subrole   : <kAXErrorAPIDisabled>
            role description  : <kAXErrorAPIDisabled>
            focused title     : <kAXErrorAPIDisabled>
            AXValue readable  : <kAXErrorAPIDisabled>
            AXSelectedText    : <kAXErrorAPIDisabled>
---------------------------------------------------------------
[1:12:07 pm] frontmost app     : ‎WhatsApp
            bundle id         : net.whatsapp.WhatsApp  (pid 670)
            AX trusted        : NO
            AXManualAccess.   : <skipped>
            window title      : <kAXErrorAPIDisabled>
            system-wide focus : <kAXErrorCannotComplete>
            focused role      : <kAXErrorAPIDisabled>
            focused subrole   : <kAXErrorAPIDisabled>
            role description  : <kAXErrorAPIDisabled>
            focused title     : <kAXErrorAPIDisabled>
            AXValue readable  : <kAXErrorAPIDisabled>
            AXSelectedText    : <kAXErrorAPIDisabled>
---------------------------------------------------------------
[1:12:08 pm] frontmost app     : Cursor
            bundle id         : com.todesktop.230313mzl4w4u92  (pid 44651)
            AX trusted        : NO
            AXManualAccess.   : <skipped>
            window title      : <kAXErrorAPIDisabled>
            system-wide focus : <kAXErrorCannotComplete>
            focused role      : <kAXErrorAPIDisabled>
            focused subrole   : <kAXErrorAPIDisabled>
            role description  : <kAXErrorAPIDisabled>
            focused title     : <kAXErrorAPIDisabled>
            AXValue readable  : <kAXErrorAPIDisabled>
            AXSelectedText    : <kAXErrorAPIDisabled>
---------------------------------------------------------------
[1:12:10 pm] frontmost app     : Finder
            bundle id         : com.apple.finder  (pid 681)
            AX trusted        : NO
            AXManualAccess.   : <skipped>
            window title      : <kAXErrorAPIDisabled>
            system-wide focus : <kAXErrorCannotComplete>
            focused role      : <kAXErrorAPIDisabled>
            focused subrole   : <kAXErrorAPIDisabled>
            role description  : <kAXErrorAPIDisabled>
            focused title     : <kAXErrorAPIDisabled>
            AXValue readable  : <kAXErrorAPIDisabled>
            AXSelectedText    : <kAXErrorAPIDisabled>
---------------------------------------------------------------
[1:12:13 pm] frontmost app     : Code
            bundle id         : com.microsoft.VSCode  (pid 8648)
            AX trusted        : NO
            AXManualAccess.   : <skipped>
            window title      : <kAXErrorAPIDisabled>
            system-wide focus : <kAXErrorCannotComplete>
            focused role      : <kAXErrorAPIDisabled>
            focused subrole   : <kAXErrorAPIDisabled>
            role description  : <kAXErrorAPIDisabled>
            focused title     : <kAXErrorAPIDisabled>
            AXValue readable  : <kAXErrorAPIDisabled>
            AXSelectedText    : <kAXErrorAPIDisabled>
---------------------------------------------------------------
[1:12:15 pm] frontmost app     : ‎WhatsApp
            bundle id         : net.whatsapp.WhatsApp  (pid 670)
            AX trusted        : NO
            AXManualAccess.   : <skipped>
            window title      : <kAXErrorAPIDisabled>
            system-wide focus : <kAXErrorCannotComplete>
            focused role      : <kAXErrorAPIDisabled>
            focused subrole   : <kAXErrorAPIDisabled>
            role description  : <kAXErrorAPIDisabled>
            focused title     : <kAXErrorAPIDisabled>
            AXValue readable  : <kAXErrorAPIDisabled>
            AXSelectedText    : <kAXErrorAPIDisabled>
---------------------------------------------------------------
[1:12:16 pm] frontmost app     : Code
            bundle id         : com.microsoft.VSCode  (pid 8648)
            AX trusted        : NO
            AXManualAccess.   : <skipped>
            window title      : <kAXErrorAPIDisabled>
            system-wide focus : <kAXErrorCannotComplete>
            focused role      : <kAXErrorAPIDisabled>
            focused subrole   : <kAXErrorAPIDisabled>
            role description  : <kAXErrorAPIDisabled>
            focused title     : <kAXErrorAPIDisabled>
            AXValue readable  : <kAXErrorAPIDisabled>
            AXSelectedText    : <kAXErrorAPIDisabled>
